W W W W W W W W W W W W W W W W W W W W W W W W W W W W W W W W W W W W W W W W W W W W W W W W W W W W W W W W W W W W W W W W W W W W W W W W W W W W W W W W W W W W W W W W W W W W W W W W W W W W W W W W W W W W W W W W W W W W W W W W W W W W W W W W W W W W W W W W W W W W W W W W W W W W W W
W W W W W W W W W W W W W W W W W W W W W W W W W W W W W W W W W W W W W W W W W W W W W W W W W W W W W W W W W W W W W W W W W W W W W W W W W W W S W W W W W W W W W W W W W W W W W W W W W W W W W W W W W W W W W W W W W W W W W W W W W W W W W W W W W W W W W W W W W W W W W W W W W W W W W W
W W W W W W W W W W W W W W W W W W W W W W W W W W W W W W W W W W W W W W W W W W W W W W W W W W W W W W W W W W W W W W W W W S S S S S W W W W S S S W W W W S S W W W W W W W W W W W W W W W W W W W W W W W W W W W W W W W W W W W W W W W W W W W W W W W W W W W W W W W W W W W W W W W W W W W
W W W W W W W W W W W W W W W W W W W W W W W W W W W W W W W W W W W W W W W W W W W W W W W W W W W W W W W W W W W W S S S W S S B B B S S S S S S S S S S S S S S S S S S S S S S S S W W W W W W W W W W W W W W W W W W W W W W W W W W W W W W W W W W W W W W W W W W W W W W W W W W W W W W W W W
W W W W W W W W W W W W W W W W W W W W W W W W W W W W W W W W W W W W W W W W W W W W W W W W W W W W W W W W W W W S S S S S S B B B B B B S S S S S S S S S S S B B B B B S S B B B S S W W W W W W W W W W W W W W W W W W W W W W W W W W W W W W W W W W W W W W W W W W W W W W W W W W W W W W W W
W W W W W W W W W W W W W W W W W W W W W W W W W W W W W W W W W W W W W W W W W W W W W W W W W W W W W W W W W W W S S S S B B B J J J J B B B B B S S S S S B B B J J J B B B B J B B S S S S S S S S S S S S S S S S S S S S S W W W W W W W W W W W W W W W W W W W W W W W W W W W W W W W W W W W W
W W W W W W W W W W W W W W W W W W W W W W W W W W W W W W W W W W W W W W W W W W W W W W W W W W W W W W W W W W S S S S B B B J J J J J J J J J B B B B S B B B J J J J J J J J J J B B S S B B B B B B B B B B B B B B B B S S S W W W W W W W W W W W W W W W W W W W W W W W W W W W W W W W W W W W
W W W W W W W W W W W W W W W W W W W W W W W W W W W W W W W W W W W W W W W W W W W W W W W W W W W W W W W W S S S S S B B B J J J J J J J J J J J J J B B B J J J J J J J J J J J J J B B B B J J J J J J J J J J J J J J B B S S S W W W W W W W W W W W W W W W W W W W W W W W W W W W W W W W W W W
W W W W W W W W W W W W W W W W W W W W W W W W W W W W W W W W W W W W W W W W W W W W W W W W W W W W W W W S S B B B B B J J J J J J J J J J J J J J J J J J J J J J J J J J J J J J J J J J J J J J J J J J J J J J J J J J B B B B S S W W W W W W W W S S W W W W W W W W W W W W W W W W W W W W W W
W W W W W W W W W W W W W W W W W W W W W W W W W W W W W W W W W W W W W W W W W W W W W W W W W W W W W W W S B B J J J J J J J J J J J J J J J J J J J J J J J J J J J J J J J J J J J J J J J J J J J J J J J J J J J J J J J J J B B S S S S S S S S S S S S W W W W W W W W W W W W W W W W W W W W W
W W W W W W W W W W W W W W W W W W W W W W W W W W W W W W W W W W W W W W W W W W W W W W W S S W W W W S S S B B J J J J J J J J J J J J J J J J J J J J J J J J J J J J J J J J J J J J J J J J J J J J J J J J J J J J J J J J J J B B S S S B B B B B B B S S S S S W W W W W W W W W W W W W W W W W
W W W W W W W W W W W W W W W W W W W W W W W W W W W W W W W W W W W W W W W W W W W W W W W W S S S S S S B B B J J J J J J J J J J J J J J J J J J J J J J J J J J J J J J J J J J J J J J J J J J J J J J J J J J J J J J J J J J J J B B B B B J J J B B B B B B B S S S W W W S W W W W W W W W W W W
W W W W W W W W W W W W W W W W W W W W W W W W W W W W W W W W W W W W W W W W W W W W W W W W S S B B B B B J J J J J J J J J J J J J J J J J J J J J J J J J J J J J J J J J J J J J J J J J J J J J J J J J J J J J J J J J J J J J J J J J J J J J J J J B B B B B B B S S S S S S W W W W W W W W W W
W W W W W W W W W W W W W W W W W W W W W W W W W W W W W W W W W W W W W W W W W W W S S S S S S B B J J J J J J J J J J J J J J J J J J J J J J J J J J J J J J J J J J J J J J J J J J J J J J J J J J J J J J J J J J J J J J J J J J J J J J J J J J J J J J J B B B B B B B S S S W W W W W W W W W W
W W W W W W W W W W W W W W W W W W W W W W W W W W W W W W W W W W W W W W W W W W W S S S B B B B J J J J J J J J J J J J J J J J J J J J J J J J J J J J J J J J J J J J J J J J J J J J J J J J J J J J J J J J J J J J J J J J J J J J J J J J J J J J J J J J J B B B B B B B S S W W W W W W W W W W
W W W W W W W W W W W W W W W W W W W W W W W W W W W W W W W W W W W W W W W W W W W W S B B B B J J J J J J J J J J J J J J J J J J J J J J J J J J J J J J J J J J J J J J J J J J J J J J J J J J J J J J J J J J J J J J J J J J J J J J J J J J J J J J J J J J J B B B B B B S W W W W W W W W W W W
W W W W W W W W W W W W W W W W W W W W W W W W W W W W W W W W W W W W W W W W W W W W S B B J J J J J J J J J J J J J J J J J J J J J J J J J J J J J J J J J J J J J J J J J J J J J J J J J J J J J J J J J J J J J J J J J J J J J J J J J J J J J J J J J J J J J B B B B B S S W W W W W W W W W W W
W W W W W W W W W W W W W W W W W W W W W W W W W W W W W W W W W W W W W W W W W W S S S B B J J J J J J J J J J J J J J J J J J J J J J J J J J J J J J J J J J J J J J J J J J J J J J J J J J J J J J J J J J J J J J J J J J J J J J J J J J J J J J J J J J J J J B B B B S S W W W W W W W W W W W W
W W W W W W W W W W W W W W W W W W W W W W W W W W W W W W W W W W W W W W W W W S S S B B J J J J J J J J J J J J J J J J J J J J J J J J J J J J J J J J J J J J J J J J J J J J J J J J J J J J J J J J J J J J J J J J J J J J J J J J J J J J J J J J J J J J J J B B B B S W W W W W W W W W W W W W
W W W W W W W W W W W W W W W W W W W W W W W W W W W W W W W W W W W W W W W W S S S S B J J J J J J J J J J J J J J J J J J J J J J J J J J J J J J J J J J J J J J J J J J J J J J J J J J J J J J J J J J J J J J J J J J J J J J J J J J J J J J J J J J J J J J J B B B B S W W W W W W W W W W W W W
W W W W W W W W W W W W W W W W W W W W W W W W W W W W W W W W W W W W W W W S S S S B B J J J J J J J J J J J J J J J J J J J J J J J J J J J J J J J J J J J J J J J J J J J J J J J J J J J J J J J J J J J J J J J J J J J J J J J J J J J J J J J J J J J J J J B B B B B S W W W W W W W W W W W W W
W W W W W W W W W W W W W W W W W W W W W W W W W W W W W W W W W W W W W W S S S B B B J J J J J J J J J J J J J J J J J J J J J J J J J J J J J J J J J J J J J J J J J J J J J J J J J J J J J J J J J J J J J J J J J J J J J J J J J J J J J J J J J J J J J J B B B B S S S W W W W W W W W W W W W W
W W W W W W W W W W W W W W W W W W W W W W W W W W W W S S S S S S S S S S S S B B J J J J J J J J J J J J J J J J J J J J J J J J J J J J J J J J J J J J J J J J J J J J J J J J J J J J J J J J J J J J J J J J J J J J J J J J J J J J J J J J J J J J J J J J B B B S S S W W W W W W W W W W W W W W
W W W W W W W W W W W W W W W W W W W W W W W W W W W W S S S S S S B B B B B B B J J J P P J J J J J J J J J J J J J J J J J J J J J J J J J J J J J J J J J J J J J J J J J J J J J J J J J J J J J J J J J J J J J J J J J J J J J J J J J J J J J J J J J J J J B B S S W W W W W W W W W W W W W W W W
W W W W W W W W W W W W W W W W W W W W W W W W W W W W W S S B B B B J J J J J J J J P P P J J J J J J J J J J J J J J J J J J J J J J J J J J J J J J J J J J J J J J J J J J J J J J J J J J J J J J J J J J J J J J J J J J J J J J J J J J J J J J J J J J J B B B S W W W W W W W W W W W W W W W W W
W W W W W W W W W W W W W W W W W W W W W W W W W W S S S S S B B B J J J J J J J J P P P P J J J J J J J J J J J J J J J J J J J J J J J J J J J J J J J J J J J J J J J J J J J J J J J J J J J J J J J J J J J J J J J J J J J J J J J J J J J J J J J J J J J B B B S W W W W W W W W W W W W W W W W W
W W W W W W W W W W W W W W W W W W W W W S S S S S S S S S S S S B B J J J J J P P P P P P J J J J J J J J J J J J J J J J J J J J J J J J J J J J J J J J J J J J J J J J J J J J J J J J J J J J J J J J J J J J J J J J J J J J J J J J J J J J J J J J J J J J B S S W W W W W W W W W W W W W W W W W
W W W W W W W W W W W W W W W W W W W W S S B B B S S S S S S S S S B B J J J P P P P P P P P P P J J J J J J J J J J J J J J J J J J J J J J J J J J J J J J J J J J J J J J J J J J J J J J J J J J J J J J J J J J J J J J J J J J J J J J J J J J J J J J J J J B S W W W W W W W W W W W W W W W W W W
W W W W W W W W W W W W W W W W W W W S S B B B B B S S S S S S S S S B J J P P P P P P P P P P P J J J J J J J J J J J J J J J J J J J J J J J J J J J J J J J J J J J J J J J J J J J J J J J J J J J J J J J J J J J J J J J J J J J J J J J J J J J P P P J J J B S S W W W W W W W W W W W W W W W W W
W W W W W W W W W W W W W W W W W W W W S S B B B B B S S S S S S S S B P P P P P P P P P P P P P J J J J J J J J J J J J J J J J J J J J J J J J J J J J J J J J J J J J J J J J J J J J J J J J J J J J J J J J J J J J J J J J J J J J J J J J J J P P P P P J J B B S W W W W W W W W W W W W W W W W W
W W W W W W W W W W W W W W W W W S S S S S S B P P B S S S S S S S S B P P P P P P P P P P P P P P P J J J J J J J J J J J J J J J J J J J J J J J J J J J J J J J J J J J J J J J J J J J J J J J J J J J J J J J J J J J J J J J J J J J J J J P P P P P P P P J J B S S W W W W W W W W W W W W W W W W
W W W W W W W W W W W W W W W W S S S S S S B B P P B S S S S S S S B B P P P P P P P P P P P P P P P P J J J J J J J J J J J J J J J J J J J J J J J J J J J J J J J J J J J J J J J J J J J J J J J J J J J J J J J J J J J J J J J J J J J J J P P P P P P P P P P B B S S S W W W W W W W W W W W W W W
W W W W W W W W W W W W W W W S S S S B B B B P P P B S S S S B B B B P P P P P P P P P P P P P P P P P J J J J J J J J J J J J J J J J J J J J J J J J J J J J J J J J J J J J J J J J J J J J J J J J J J J J J J J J J J J J J J J J J J J J J P P P P P P P P P P P B B B S S W W W W W W W W W W W W W
W W W W W W W W W W W W W W W S S S B B B P P P P P B B S S B B P P P P P P P P P P P P P P P P P P P P P J J J J J J J J J J J J J J J J J J J J J J J J J J J J J J J J J J J J J J J J J J J J J J J J J J J J J J J J J J J J J J J J J J J J P P P P P P P P P P P P B B B S S W W W W W W W W W W W W
W W W W W W W W W W W W W W S S S S B B P P P P P P P B B B B P P P P P P P P P P P P P P P P P P P P P P J J J J J J J J J J J J J J J J J J J J J J J J J J J J J J J J J J J J J J J J J J J J J J J J J J J J J J J J J J J J J J J J J J J J P P P P P P P P P P P P P B B B S S S W W W W W W W W W W
W W W W W W W W W W W W W W S S S B B P P P P P P P P P P P P P P P P P P P P P P P P P P P P P P P P P P P J J J J J J J J J J J J J J J J J J J J J J J J J J J J J J J J J J J J J J J J J J J J J J J J J J J J J J J J J J J J J J J J J J P P P P P P P P P P P P P P B B B B S S S W W W W W W W W W
W W W W W W W W W W W W W S S S B B P P P P P P P P P P P P P P P P P P P P P P P P P P P P P P P P P P P P P P P P J J J J J J J J J J J J J J J J J J J J J J J J J J J J J J J J J J J J J J J J J J J J J J J J J J J J J J J J J J J J J P P P P P P P P P P P P P P P P B B B S S S W W W W W W W W W
W W W W W W W W W W W W W S S B B P P P P P P P P P P P P P P P P P P P P P P P P P P P P P P P P P P P P P P P P P P J J J J J J J J J J J J J J J J J J J J J J J J J J J J J J J J J J J J J J J J J J J J J J J J J J J J J J J J J J P P P P P P P P P P P P P P P P P P P B B B S S W W W W W W W W W
W W W W W W W W W W W W S S S B P P P P P P P P P P P P P P P P P P P P P P P P P P P P P P P P P P P P P P P P P P P P J J J J J J J J J J J J J J J J J J J J J J J J J J J J J J J J J J J J J J J J J J J J J J J J J J J J J J J P P P P P P P P P P P P P P P P P P P P P B B B S S W W W W W W W W W
W W W W W W W W W W W S S B B B P P P P P P P P P P P P P P P P P P P P P P P P P P P P P P P P P P P P P P P P P P P P P P P P J J J J J J J J J J J J J J J J J J J J J J J J J J J J J J J J J J J J J J J J J J J J J J J J J J P P P P P P P P P P P P P P P P P P P P P P B B S S W W W W W W W W W W
W W W W W W W W W W S S B B P P P P P P P P P P P P P P P P P P P P P P P P P P P P P P P P P P P P P P P P P P P P P P P P P P P J J J J J J J J J J J J J J J J J J J J J J J J J J J J J J J J J J J J J J J J J J J J J J P P P P P P P P P P P P P P P P P P P P P P P P P B B S W W W W W W W W W W W
W W W W W W W W W S S S B P P P P P P P P P P P P P P P P P P P P P P P P P P P P P P P P P P P P P P P P P P P P P P P P P P P P P P J J J J J J J J J J J J J J J J J J J J J J J J J J J J J J J J J J J J J J J P P P P P P P P P P P P P P P P P P P P P P P P P P P P P P B S S W W W W W W W W W W W
W W W W W W W W S S B B B P P P P P P P P P P P P P P P P P P P P P P P P P P P P P P P P P P P P P P P P P P P P P P P P P P P P P P P J J J J J J J J J J J J J J J J J J J J J J J J J J J J J J J J J J J J P P P P P P P P P P P P P P P P P P P P P P P P P P P P P P P P B S W W W W W W W W W W W W
W W W W W W W W S B P P P P P P P P P P P P P P P P P P P P P P P P P P P P P P P P P P P P P P F F P P P P P P P P P P P P P P P P P P P P J J J J J J J J J J J J J J J J J J J J J J J J J J J J J J J J J J P P P P P P P P P P P P P P P P P P P P P P P P P P P P P P P P B S W W W W W W W W W W W W
W W W W W W W W S B P P P P P P P P P P P P P P P P P P P P P P P P P P F F P P P P P P F F F F F F F F F F F F P P P P P P P P P P P P P P P P J J J J J J J J J J J J J J J J J J J J J J J J J J J J J J J J P P P P P P P P P P P P P P P P P P P P P P P P P P P P P P P B B S W W W W W W W W W W W W
W W W W W W S S S B B P P P P P P P P P P P P P P P P P P P P P P P P P F F P P P P F F F F F F F F F F F F F F F P P P P P P P P P P P P P P P P J J J J J J J J J J S S S S J J J J J J J J J J J J J J J J J P P P P P P P P P P P P P P P P P J J J J P P P P P P P P P P B B S W W W W W W W W W W W W
W W W W W S S B B B P P P P P P P P P P P P P P P P P P P P P P P P F F F F F F F F F F F F F F F F F F F F F F F F F P P P P P P P P P P P P P P J J J J J J J J J S S S S S S S S S S S S S J J J J J J J J J J P P P P P P P P P P P J J J J J J J J J J J P P P P P P P B B B S S W W W W W W W W W W W
W W W W W S B B P P P P P P P P P P P P P P P P P P P P P P P P P P F F F F F F F F F F F F F F M M F F F F F F F F F P P P P P P P P P P P P P P J J J J J J J J S S S S S S S S S S S S S S S S S S J J J J J J J J J P P P P P P P J J J J J J J J J J J J B B P P P P B B B B S S W W W W W W W W W W W
W W W W W S B P P P P P P P P P P P P P P P P P P P P P P P P P F F F F M M F F F F F F M M M M M M M M M M M F F F F F F P P P P P P P P P P P P P J J J J J J S S S S S S S S S S S S S S S S S S S S S J J J J J J J J J J J P P J J J J J J J S S S S J B B B B B B B B B B S S S W W W W W W W W W W W
W W W W W S B B B P P P P P P P P P P P P P P P P P P P P P P F F F F F M M F F F F M M M M M M M M M M M M M M M F F F F F F F P P P P P P P J J J J J J S S S S S S S J J J S S S S S S S S S S S S S S S S S J J J J J J J J J J J J J S S S S S S S S S S B B B B B B B S S S S W W S S W W W W W W W W
W W W W W S S S B B P P P P P P P P P P P P P P P P P P P P F F F F F M M M M F M M M M M M M M M M M M M M M M M M M F F F F F F F F J J J J J J J J J S S S S S S S J J J J J J J J J J J J S S S S S S S S S S S S J J J J J J J J J S S S S S S S S S S S S S B B B S S S S W W W S S S S S W W W W W W
W W W W W W W S S B P P P P P P P P P P P P P P P P P P P F F F F F F M M M M M M M M M M M M M M M M M M M M M M M M F F F F F F F F J J J J J J J J S S S S S S S J J J J J J J J J J J J J J J J J S S S S S S S S S S S S S J J J S S S S S S S S S S S S S S S S S S S S W W S S S B B B S S W W W W W
W W W W W W W W S B P P P P P P P P P P P P P P P P P P P F F F F M M M M M M M M M M M M M M M M M M M M M M M M M M M F F F F F F J J J J J S S S S S S S S S J J J J J P J J J J J J J J J J J J J J J S S S S S S S S S S S S S S S S S S S S B B B B S S S S S S S S S S S S S S B B B B B S W W W W W
W W W W W W W W S B P P P P P P P P P P P P P P P P P P F F F F M M M M M M M M M M M S S S S S S S S S M M M M M M M M M M F F F F J J J S S S S S S S S S J J J J J J P P P P P P P P P P J J J J J J J J J J S S S S S S S S S S S S S S J J J J B B B B B S S S S S S S S S B B B B B B B B S S W W W W
W W W W W W W W S B B P P P P P P P P P P P P P P P P P F F F M M M M M M M M M M M S S S S S S S S S S S S M M M M M M M M F F F F J J S S S S S S S S S J J J J J P P P P P P P P P P P P P P P P J J J J J J J J J S S S S S S S S S S J J J J J J P B B B B B S S S S B B B B B P P P B B B B S S W W W
W W W W W W W W S S B B P P P P P P P P P P P P P P P F F F M M M M M M M M M M S S S S S S S S S S S S S S S S M M M M M M F F F F S S S S S S S S S J J J J J P P P P P P P P P P P P P P P P P P P P P J J J J J J J J J J J S S S S J J J J J J P P P P P B B B B B B B B P P P P P P B B B B B S W W W
W W W W W W W W W S S B B B P P P P P P P P P P P P P F F F M M M M M M S S S S S S S S S S S S S S S S S S S S S S M M M M S S S S S S S S S J J J J J J J J P P P P P P P P P P P P P P P P P P P P P P P P P J J J J J J J J J J J J J J J P P P P P P P P P P P P P P P P P P P P P P P B B B B S W W W
W W W W W W W W W W S S S B P P P P P P P P P P P P P F F M M M M M S S S S S S S S S S S S S S S S S S S S S S S S S S S S S S S S S S S S J J J J J J J P P P P P P P P P P P P P P P P P P P P P P P P P P P P P J J J J J J J J J J J J P P P P P P P P P P P P P P P P P P P P P P P P B B B B S W W W
W W W W W W W W W W W S B B P P P P P P P P P P P P P F F M M M M M S S S S S S S S S S S S S S W W S S S S S S S S S S S S S S S S S S S J J J J J J P P P P P P P P P P P P P P P P P P P P P P P P P P P P P P P P P P P P P J J J J P P P P P P P P P P P P P P P P P P P P P P P P P P B B B B S W W W
W W W W W W W W W W W S B P P P P P P P P P P P P P P F F M M M M S S S S S S S S S S S S S S W W W W S S S S S S S S S S S S S S S J J J J J J P P P P P P P P P P P P P P P P P P P P P P P P P P P P P P P P P P P P P P P P P P P P P P P P P P P P P P P P P P P P P P P P P P P P P P P B B B S W W W
W W W W W W W W W W W S B P P P P P P P P P P P P P P F F M M M M S S S S S S S S S S S S W W W W W W W W S S S S S S S S S B B B J J J J J J P P P P P P P P P P P P P P P P P P P P P P P P P P P P P P P P P P P P P P P P P P P P P P P P P P P P P P P P P P P P P P P P P P P P P P P P B B S S W W W
W W W W W W W W W W W S B P P P P P P P P P P P P P P F F M M M M S S S S S S S S S S S W W W W W W W W W S S S S S S B B B B F F J J J J J P P P P P P P P P P P P P P P P P P P P P P P P P P P P P P P P P P P P P P P P P P P P P P P P P P P P P P P P P P P P P P P P P P P P P P P P P P B S W W W W
W W W W W W W W W S S S B P P P P P P P P P P P P P P F F M M M M S S S S S S S S S S W W W W W W W W W W S S S S S B B F F F F F J J P P P P P P P P P P P P P P P P P P P P P P P P P P P P P P P P P P P P P P P P P P P P P P P P P P P P P P P P P P P P P P P P P P P P P P P P P P P P B B S W W W W
W W W W W W W W S S B B B P P P P P P P P P P P P P P F F F M M M S S S S S S S S S W W W W W W W W W W S S S S S B B B F F F F F F F P P P P P P P P P P P P P P P P P P P P P P P P P P P P P P P P P P P P P P P P P P P P P P P P P P P P P P P P P P P P P P P P P P P P P P P P P P P P B S S W W W W
W W W W W W W W S B B B P P P P P P P P P P P P P P P F F F M M M S S S S S S S S S W W W W W W W W W W S S S S S B B B F F F F F F P P P P P P P P P P P P P P P P P P P P P P P P P P P P P P P P P P P P P P P P P P P P P P P P P P P P P P P P P P P P P P P P P P P P P P P P P P P P B B S S W W W W
W W W W W W W S S B B P P P P P P P P P P P P P P P P P F F M M M S S S S S S S S S W W W W W W W W W W S S S S B B B F F F F F F F P P P P P P P P P P P P P P P P P P P P P P P P P P P P P P P P P P P P P P P P P P P P P P P P P P P P P P P P P P P P P P P P P P P P P P P P P P P P B S S S W W W W
W W W W W W W S S B B P P P P P P P P P P P P P P P P P F F M M M M S S S S S S S W W W W W W W W W W S S S S S B B F F F F F F F F P P P P P P P P P P P P P P P P P P P P P P P P P P P P P P P P P P P P P P P P P P P P P P P P P P P P P P P P P P P P P P P P P P P P P P P P P P P B B S S S W W W W
W W W W W W W S S B B B P P P P P P P P P P P P P P P P F F M M M M S S S S S S S W W W W W W W W W W S S S S B B B F F F F F F F F P P P P P P P P P P P P P P P P P P P P P P P P P P P P P P P P P P P P P P P P P P P P P P P P P P P P P P P P P P P P P P P P P P P P P P P P P P P B B B B S S W W W
W W W W W W W W S S B B P P P P P P P P P P P P P P P P F F F M M M M S S S S S S S W W W W W W W W W S S S S B B F F F F F F F F F P P P P P P P P P P P P P P P P P P P P P P P P P P P P P P P P P P P P P P P P P P P P P P P P P P P P P P P P P P P P P P P P P P P P P P P P P P P B B B B B S W W W
W W W W W W W W W S S B B P P P P P P P P P P P P P P P F F F F F M M S S S S S S S S W W W W W W W W S S S S B B F F F F F F F F P P P P P P P P P P P P P P P P P P P P P P P P P P P P P P P P P P P P P P P P P P P P P P P P P P P P P P P P P P P P P P P P P P P P P P P P P P P P P B B B B S W W W
W W W W W W W W W S S B B P P P P P P P P P P P P P P P P F F F F M M S S S S S S S S S S W W W W W W S S S S B B F F F F F F F P P P P P P P P P P P P P P P P P P P P P P P P P P P P P P P P P P P P P P P P P P P P P P P P P P P P P P P P P P P P P P P P P P P P P P P P P P P P P P P P B B S W W W
W W W W W W W W W S S S B B P P P P P P P P P P P P P P P F F F F F M S S S S S S S S S S W W W W S S S S S B B F F F F F F F F P P P P P P P P P P P P P P P P P P P P P P P D D D D P P P P P P P P P P P P P P P P P P P P P P P P P P P P P P P P P P P P P P P P P P P P P P P P P P P P P B B S W W W
W W W W W W W W W W S S S B P P P P P P P P P P P P P P P P P F F F F S S S S S S S S S S S W W S S S S S S B B F F F F F F F F P P P P P P P P P P P P P P P P P P P P P P D D D D D D D D D D D D D P P P P P P P P P P P P P P P P P P P P P P P P P P P P P P P P P P P P P P P P P P P P P P B S W W W
W W W W W W W W W W W S S B P P P P P P P P P P P P P P P P P P F F F S S S S S S S S S S S S S S S S S S B B F F F F F F F F F P P P P P P P P P P P P P P P P P P P P P D D D D D D D D D D D D D D D D P P P P P P P P P P P P P P P P P P P P P P P P P P P P P P P P P P P P P P P P P P P B B S W W W
W W W W W W W W W W W S S B P P P P P P P P P P P P P P P P P P F F F F S S S S S S S S S S S S S S S B B B B F F F F F F F P P P P P P P P P P P P P P P P P P P P P P D D D D D D D D D D D D D D D D D D D P P P P P P P P P P P P P P P P P P P P P P P P P P P P P P P P P P P P P P B B B B S S W W W
W W W W W W W W W W W S S B P P P P P P P P P P P P P P P P P P P F F F S S S S S S S S S S S S S S B B B B F F F F F F P P P P P P P P P P P P P P P P P P P P P P P D D D D D D D D D D D D D D D D D D D D D D D P P P P P P P P P P P P P P P P P P P P P P P P P P P P P P P P P P P B S S S S W W W W
W W W W W W W W W W W W S B P P P P P P P P P P P P P P P P P P P P F F S S S S S S S S S S S S S B B B B F F F F F F F P P P P P P P P P P P P P P P P P P P P P P D D D D D D D D D D D D D D D D D D D D D D D D D D D P P P P P P P P P P P P P P P P P P P P P P P P P P P P P P P P B S S S W W W W W
W W W W W W W W W W W S S B P P P P P P P P P P P P P P P P P P P P F F F S S S S S S S S B B B B B B B F F F F F F F P P P P P P P P P P P P P P P P P P P P P P P D D D D D D D D D D D D D D D D D D D D D D D D D D D P P P P P P P P P P P P P P P P P P P P P P P P P P P P P P P P B B B S S S W W W
W W W W W W W W W W W W S B P P P P P P P P P P P P P P P P P P P P P F F S S S S S S S B B B B B B F F F F F F F F P P P P P P P P P P P P P P P P P P P P P P P D D D D D D D D D D D D D D D D D D D D D D D D D D D D D P P P P P P P P P P P P P P P P P P P P P P P P P P P P P P P P B B B B S W W W
W W W W W W W W W W W W S B P P P P P P P P P P P P P P P P P P P P P F F F S S S S S B B B B B B F F F F F F F F F P P P P P P P P P P P P P P P P P P P P P P P D D D D D D D D D D D D D D D D D D D D D D D D D D D D D D P P P P P P P P P P P P P P P P P P P P P P P P P P P P P P P P B B B S W W W
W W W W W W W W W W W W S B B P P P P P P P P P P P P P P P P P P P P F F F S S S S S B B B F F F F F F F F F F F P P P P P P P P P P P P P P P P P P P P P P P D D D D D D D D D D D D D D D D D D D D D D D D D D D D D D D P P P P P P P P P P P P P P P P P P P P P P P P P P P P P P P P B B B S W W W
W W W W W W W W W W W W S S B P P P P P P P P P P P P P P P P P P P P P F F F S S S S B B F F F F F F F F F F F F P P P P P P P P P P P P P P P P P P P P P P D D D D D D D D D D D D D D D D D D D D D D D D D D D D D D D D P P P P P P P P P P P P P P P P P P P P P P P P P P P P P P B B B B B S W W W
W W W W W W W W W W W W W S B P P P P P P P P P P P P P P P P P P P P P F F F S S S S S B F F F F F F F F F F F F P P P P P P P P P P P P P P P P P P P P P P D D D D D D D D D D D D D D D D D D D D D D D D D D D D D D D P P P P P P P P P P P P P P P P P P P P P P P P P P P P P B B B S S S S S W W W
W W W W W W W W W W W W W S B P P P P P P P P P P P P P P P P P P P P P P F F S S S S S B B F F F F F F F F F F F P P P P P P P P P P P P P P P P P P P P P P D D D D D D D D D D D D D D D D D D D D D D D D D D D D D D D P P P P P P P P P P P P P P P P P P P P P P P P P P P P B B S S S W W W W W W W
W W W W W W W W W W W W W S B P P P P P P P P P P P P P P P P P P P P P P F F F S S S S S B F F F F F F F F F F F P P P P P P P P P P P P P P P P P P P P P P D D D D D D D D D D D D D D D D D D D D D D D D D D D D D D D D P P P P P P P P P P P P P P P P P P P P P P P P P P B B S S W W W W W W W W W
W W W W W W W W W W W W S S B P P P P P P P P P P P P P P P P P P P P P P F F F S S S S S F F F F F F F F F F F F P P P P P P P P P P P P P P P P P P P P P D D D D D D D D D D D D D D D D D D D D D D D D D D D D D D D D D P P P P P P P P P P P P P P P P P P P P P P B B B B B S S W W W W W W W W W W
W W W W W W W W W W W W S S B B P P P P P P P P P P P P P P P P P P P P P F F F F S S S S F F F F F F F F F F F F P P P P P P P P P P P P P P P P P P P P P D D D D D D D D D D D D D D D D D D D D D D D D D D D D D D D D D P P P P P P P P P P P P P P P P P P P P P B B S S S S S W W W W W W W W W W W
W W W W W W W W W W W W W S S B B P P P P P P P P P P P P P P P P P P P P F F F F S S S S F F F F F F F F F F F F P P P P P P P P P P P P P P P P P P P P P P D D D D D D D D D D D D D D D D D D D D D D D D D D D D D D D D P P P P P P P P P P P P P P P P P P P P P B S S W W W W W W W W W W W W W W W
W W W W W W W W W W W W W S S S B P P P P P P P P P P P P P P P P P P P P F F F F S S S S S F F F F F F F F F F F P P P P P P P P P P P P P P P P P P P P P P D D D D D D D D D D D D D D D D D D D D D D D D D D D D D D D D P P P P P P P P P P P P P P P P P P P P P B S W W W W W W W W W W W W W W W W
W W W W W W W W W W W W S S S S B P P P P P P P P P P P P P P P P P P P P F F F F F S S S S F F F F F F F F F F F P P P P P P P P P P P P P P P P P P P P P P D D D D D D D D D D D D D D D D D D D D D D D D D D D D D D D D P P P P P P P P P P P P P B B B P P P B B B S W W W W W W W W W W W W W W W W
W W W W W W W W W W W W S S S S B P P P P P P P P P P P P P P P P P P P P P F F F F S S S S S F F F F F F F F F F P P P P P P P P P P P P P P P P P P P P P P D D D D D D D D D D D D D D D D D D D D D D D D D D D D D D D D P P P P P P P P P P P P B B S B B B B B S S S W W W W W W W W W W W W W W W W
W W W W W W W W W W W S S S S S B P P P P P P P P P P P P P P P P P P P P P F F F F F S S S S S F F F F F F F F F P P P P P P P P P P P P P P P P P P P P P P D D D D D D D D D D D D D D D D D D D D D D D D D D D D D D D P P P P P P P P P P P P P B B S S B S S S S W W W W W W W W W W W W W W W W W W
W W W W W W W W W S S S S S S B B P P P P P P P P P P P P P P P P P P P P P F F F F F S S S S S S F F F F F F F F P P P P P P P P P P P P P P P P P P P P P P P P D D D D D D D D D D D D D D D D D D D D D D D D D D D D P P P P P P P P P P P P P P B S S S S S W W W W W W W W W W W W W W W W W W W W W
W W W W W W W S S S S S S S B B B P P P P P P P P P P P P P P P P P P P P P P F F F F F S S S S S S F F F F F F F P P P P P P P P P P P P P P P P P P P P P P P P D D D D D D D D D D D D D D D D D D D D D D D D D D D P P P P P P P P P P P P P P B B S W W S S W W W W W W W W W W W W W W W W W W W W W
W W W W W W S S S S S S S B B B P P P P P P P P P P P P P P P P P P P P P P P F F F F F F S S S S S F F F F F F F P P P P P P P P P P P P P P P P P P P P P P P P P P D D D D D D D D D D D D D D D D D D D D D D D D P P P P P P P P P P P P P P P B S S W W W W W W W W W W W W W W W W W W W W W W W W W
W W W W W S S B B B B B B B P P P P P P P P P P P P P P P P P P P P P P P P P F F F F F F F S S S S F F F F F F F P P P P P P P P P P P P P P P P P P P P P P P P P P P D D D D D D D D D D D D D D D D D D D D D D P P P P P P P P P P P P P P P P B S W W W W W W W W W W W W W W W W W W W W W W W W W W
W W W W W S B B B B B P P P P P P P P P P P P P P P P P P P P P P P P P P P P F F F F F F F S S S S F F F F F F F P P P P P P P P P P P P P P P P P P P P P P P P P P P P P D D D D D D D D D D D D D D D D D D D D P P P P P P P P P P P P P P P P B S W W W W W W W W W W W W W W W W W W W W W W W W W W
W W W W W S B B B B P P P P P P P P P P P P P P P P P P P P P P P P P P P P F F F F F F F F S S S S F F F F F F F P P P P P P P P P P P P P P P P P P P P P P P P P P P P P P D D D D D D D D D D D D D D D D D D P P P P P P P P P P P P P P P P P B S W W W W W W W W W W W W W W W W W W W W W W W W W W
W W W W W S S B B P P P P P P P P P P P P P P P P P P P P P P P P P P P P P F F F F F F F S S S S S F F F F F F F P P P P P P P P P P P P P P P P P P P P P P P P P P P P P P P P D D D D D D D D D D D D D D D D P P P P P P P P P P P P P P P P B B S S W W W W W W W W W W W W W W W W W W W W W W W W W
W W W W W W S B B P P P P P P P P P P P P P P P P P P P P P P P P P P P P P F F F F F F F S S S S S F F F F F F P P P P P P P P P P P P P P P P P P P P P P P P P P P P P P P P P P D D D D D D D D D D D D D D P P P P P P P P P P P P P P P P P B B B S W W W W W W W W W W W W W W W W W W W W W W W W W
W W W W W W S B P P P P P P P P P P P P P P P P P P P P P P P P P P P P P F F F F F F F S S S S S F F F F F F P P P P P P P P P P P P P P P P P P P P P P P P P P P P P P P P P P P P P P P P P P P P P P P P P P P P P P P P P P P P P P P P P P B B B S W W W W W W W W W W W W W W W W W W W W W W W W W
W W W W W W S B B P P P P P P P P P P P P P P P P P P P P P P P P P P P F F F F F F F F S S S S S F F F F P P P P P P P P P P P P P P P P P P P P P P P P P P P P P P P P P P P P P P P P P P P P P P P P P P P P P P P P P P P P P P P P P P P B B B S S W W W W W W W W W W W W W W W W W W W W W W W W W
W W W W W W S S B P P P P P P P P P P P P P P P P P P P P P P P P P P P F F F F F F F F S S S S F F F F F P P P P P P P P P P P P P P P P P P P P P P P P P P P P P P P P P P P P P P P P P P P P P P P P P P P P P P P P P P P P P P P P P P B B S S S W W W W W W W W W W W W W W W W W W W W W W W W W W
W W W W W W W S B B P P P P P P P P P P P P P P P P P P P P P P P P F F F F F F F F F F S S S S F F F F F P P P P P F F P P P P P P P P P P P P P P P P P P P P P P P P P P P P P P P P P P P P P P P P P P P P P P P P P P P P P P P P P P B B S S W W W W W W W W W W W W W W W W W W W W W W W W W W W W
W W W W W W W S S B B P P P P P P P P P P P P P P P P P P P P F F F F F F F M F F F F F S S S S F F F F P P P P F F F F P P P P P P P P P P P P P P P P P P P P P P P P P P P P P P P P P P P P P P P P P P P P P P P P P P P P P P P P P P B B S W W W W W W W W W W W W W W W W W W W W W W W W W W W W W
W W W W W W W W S S B P P P P P P P P P P P P P P P P P P P P F F F F F F F M M F F F F S S S S F F F F F P P F F F F F F P P P P P P P P P P P P P P P P P P P P P P P P P P P P P P P P P P P P P P P P P P P P P P P P P P P P P P P P P P B S W W W W W W W W W W W W W W W W W W W W W W W W W W W W W
W W W W W W W W W S B P P P P P P P P P P P P P P P P P P F F F F F F F F F F M M F F F S S S S F M F F F F F F F F F F F P P P P P P P P P P P P P P P P P P P P P P P P P P P P P P P P P P P P P P P P P P P P P P P P P P P P P P P P P P B S S W W W W W W W W W W W W W W W W W W W W W W W W W W W W
W W W W W W W W S S B P P P P P P P P P P P P P P P P P P F F F F F F F F F F F M M M M S S S S M M F F F F F F F F M F F P P P P P P P P P P P P P P P P P P P P P P P P P P P P P P P P P P P P P P P P P P P P P P P P P P P P P P P P P P B B S S W W W W W W W W W W W W W W W W W W W W W W W W W W W
W W W W W W W W S B B P P P P P P P P P P P P P P P P P P F F M M F F F F F F F M M M M S S S S M M M F F F F F F M M F F P P P P P P P P P P P P P P P P P P P P P P P P P P P P P P P P P P P P P P P P P P P P P P P P P P P P P P P P P P P B S S W W W W W W W W W W W W W W W W W W W W W W W W W W W
W W W W W W W W S S B B P P P P P P P P P P P P P P P P P F F M M M M M F F F M M M M M M S S S S M M M F F F F M M F F F F F P P P P P P P P P P P P P P P P P P P P P P P P P P P P P P P P P P P P P P P P P P P P P P P P P P P P P P P P P B S S W W W W W W W W W W W W W W W W W W W W W W W W W W W
W W W W W W W W W S S B P P P P P P P P P P P P P P P P P F F F M M M M M M M M M M M M M S S M S S M M M M M M M M M F F F F P P P P P P P P P P P P P P P P P P P P P P P P P P P P P P P P P P P P P P P P P P P P P P P P P P P P P P P P P B S W W W W W W W W W W W W W W W W W W W W W W W W W W W W
W W W W W W W W W S S B P P P P P P P P P P P P P P P P P P F F F M M M M M M M M M M M M S S M M S M M M M M M M M M M M F F F P P P P P P P P P P P P P P P P P P P P P P P P P P P P P P P P P P P P P P P P P P P P P P P P P P P P P P P B B S W W W W W W W W W W W W W W W W W W W W W W W W W W W W
W W W W W W W W W S S B P P P P P P P P P P P P P P P P P P F F F M M M M M M M M M M M M S M M M S M M M M M M M M M M M F F F F F P P P P P P P P P P P P P P P P P P P P P P P P P P P P P P P P P P P P P P P P P P P P P B B B B B B B B B S S S W W W W W W W W W W W W W W W W W W W W W W W W W W W
W W W W W W W W W W S B B P P P P P P P P P P P P P P P P P F F F F M M M M M M M M M M S S M M M S S M M M M M M M M M M F F F F F F P P P P P P P P P P P P P P P P P P P P P P P P P P P P P P P P P P P P P P P B B B B B B S S S S S B B S S S W W W W W W W W W W W W W W W W W W W W W W W W W W W W
W W W W W W W W W W S S B P P P P P P P P P P P P P P P P P F F F F M M M M M M M M M S S M M M M M S S M M M M M M M M M M F F F F F F P P P P P P P P P P P P P P P P P P P P P P P P P P P P P P P P P P P P P B B B S S S S S W W W S S S S S S W W W W W W W W W W W W W W W W W W W W W W W W W W W W
W W W W W W W W W W W S B P P P P P P P P P P P P P P P P P F F F M M M M M M M M M M S M M M M M M M S S M M M M M M M M M M F F F F F F P P P P P P P P P P P P P P P P P P P P P P P P P P P P P P P P P P P P B B S S S W W W W W W W W W W W W W W W W W W W W W W W W W W W W W W W W W W W W W W W W
W W W W W W W W W W W S B P P P P P P P P P P P P P P P P F F F M M M M M M M M M M S S M M M M M M M M S S S M M M M M M M M M M F F F F P P P P P P P P P P P P P P P P P P P P P P P P P P P P P P P P P P P P B B B S W W W W W W W W W W W W W W W W W W W W W W W W W W W W W W W W W W W W W W W W W
W W W W W W W W W W W S B P P P P P P P P P P P P P P P P F F M M F M M M M M M M M S M M M M M M M M M M M S S M M M M M M M M M M F F F F P P P P P P P P P P P P P P P P P P P P P P P P P P P P B P P P P B B B B S S W W W W W W W W W W W W W W W W W W W W W W W W W W W W W W W W W W W W W W W W W
W W W W W W W W W W W S B P P P P P P P P P P P P P P P P F F M F F F F M M M M M M S M M M M M M M M M M M M S M M M M M M M F F M M F F F F P P P P P P P P P P P P P P P P P P P P P P P P P P B B B B B B B B S S S W W W W W W W W W W W W W W W W W W W W W W W W W W W W W W W W W W W W W W W W W W
W W W W W W W W W W W S B B P P P P P P P P P P P P P P P F F F F F F F F M M M M M S S M M M M M M M M M M M S M M M M M M M F F F M M F F F P P P P P P P P P P P P P P P P P P P P P P P P P B B B S S S S S S S W W W W W W W W W W W W W W W W W W W W W W W W W W W W W W W W W W W W W W W W W W W W
W W W W W W W W W W W S S B B B P P P P P P P P P P P P P P F F F F F F F M M M M M M S M M M M M M M M M S S S M M M M M F F F F F F F F F F P P P P P P P P P P P P P P P P P P P P P P P P P B B S S W W W W W W W W W W W W W W W W W W W W W W W W W W W W W W W W W W W W W W W W W W W W W W W W W W
W W W W W W W W W W W W S S S B B P P P P P P P P P P P P P F F F F F F F M M M M M M M M M M M M M M S S S M M M M M M M M F F F F F F F F F P P P P P P P P P P P P P P P P P P P P P P P P B B B S W W W W W W W W W W W W W W W W W W W W W W W W W W W W W W W W W W W W W W W W W W W W W W W W W W W
W W W W W W W W W W W W W W S S B P P P P P P P P P P P P P F F F F F M M M M M M M M M M M M M M M S M M M M M M M M M M M M F F F F F F F P P P P P P P P P P P P P P P P P P P P P P P P B B B S S W W W W W W W W W W W W W W W W W W W W W W W W W W W W W W W W W W W W W W W W W W W W W W W W W W W
W W W W W W W W W W W W W W W S B B P P P P P P P P P P P P F F F F M M M M M M M M M M M M M M M M M M M M M M M M M M M F F F F F F F P P P P P P P P P P P P P P P P P P P P P P P P P B B S S S W W W W W W W W W W W W W W W W W W W W W W W W W W W W W W W W W W W W W W W W W W W W W W W W W W W W
W W W W W W W W W W W W W W W S S B B P P P P P P P P P P P F F F M M M M M M M M M M M M M M M M M M M M M M M M M M M F F F F F P P P P P P P P P P P P P P P P P P P P P P P P P P P P B S S S W W W W W W W W W W W W W W W W W W W W W W W W W W W W W W W W W W W W W W W W W W W W W W W W W W W W W
W W W W W W W W W W W W W W W W S S B B P P P P P P P P P P F F F M M M M M M M M M M M M M M M M M M M M M M M M M M M F F F F F P P P P P P P P P P P P P P P P P P P P P P P P P P P P B S W W W W W W W W W W W W W W W W W W W W W W W W W W W W W W W W W W W W W W W W W W W W W W W W W W W W W W W
W W W W W W W W W W W W W W W W W S S B P P P P P P P P P P F F F F F M M M M M M M M M M M M M M M M M M M M M M M M F F F F F F P P P P P P P P P P P P P P P P P P P P P P P P P P P P B S W W W W W W W W W W W W W W W W W W W W W W W W W W W W W W W W W W W W W W W W W W W W W W W W W W W W W W W
W W W W W W W W W W W W W W W W W W S B P P P P P P P P P P F F F F F F M M M M M M M M M M M M M M M M M M M M M M M F F F F P P P P P P P P P P P P P P P P P P P P P P P P P P P P P P B S W W W W W W W W W W W W W W W W W W W W W W W W W W W W W W W W W W W W W W W W W W W W W W W W W W W W W W W
W W W W W W W W W W W W W W W W W W S B P P P P P P P P P P F F F F F F M M M M M M M M M M M M M M M M M M M M M M M M F F F F P P P P P P P P P P P P P P P P P P P P P P P P P P P P B B S W W W W W W W W W W W W W W W W W W W W W W W W W W W W W W W W W W W W W W W W W W W W W W W W W W W W W W W
W W W W W W W W W W W W W W W W W S S B B P P P P P P P P P F F F F F F F M M M M M M M M M M M M M M M M M M M M F F M M F F F F P P P P P P P P P P P P P P P P P P P P P P P P P B B B S S W W W W W W W W W W W W W W W W W W W W W W W W W W W W W W W W W W W W W W W W W W W W W W W W W W W W W W W
W W W W W W W W W W W W W W W W W S B B B P P P P P P P P P P P P F F F F M M M M M M M M M M M M M M M M M M M M F F F M M F F F P P P P P P P P P P P P P P P P P P P P P P P P B B S S S W W W W W W W W W W W W W W W W W W W W W W W W W W W W W W W W W W W W W W W W W W W W W W W W W W W W W W W W
W W W W W W W W W W W W W W W W W S S B B B P P P P P P P P P P P F F F M M M M F F F M M M M M M M M M M M M F F F F F F F F F F P P P P P P P P P P P P P P P P P P P P P P P B B S S W W W W W W W W W W W W W W W W W W W W W W W W W W W W W W W W W W W W W W W W W W W W W W W W W W W W W W W W W W
W W W W W W W W W W W W W W W W W W S S S B B P P P P P P P P P P F F F M M F F F F F F F M M M M M M M M F M M F F F F F F F F F P P P P P P P P P P P P P P P P P P P P P P P B S S W W W W W W W W W W W W W W W W W W W W W W W W W W W W W W W W W W W W W W W W W W W W W W W W W W W W W W W W W W W
W W W W W W W W W W W W W W W W W W W W S S B P P P P P P P P P P F F M F F F F F F F F F M M F F F F M M F F M M F F F F F F F P P P P P P P P P P P P P P P P P P P P P P P P B S W W W W W W W W W W W W W W W W W W W W W W W W W W W W W W W W W W W W W W W W W W W W W W W W W W W W W W W W W W W W
W W W W W W W W W W W W W W W W W W W W W S B P P P P P P P P P P F F F F F F F F F F F M M F F F F M M F F F F F F F F F F F P P P P P P P P P P P P P P P P P P P P P P P P P B S W W W W W W W W W W W W W W W W W W W W W W W W W W W W W W W W W W W W W W W W W W W W W W W W W W W W W W W W W W W W
W W W W W W W W W W W W W W W W W W W W W S B P P P P P P P P P P F F F F F F F F F M M M F F F F F M F F F F F F F F P P P P P P P P P P P P P P P P P P P P P P P P P P P P P B S S W W W W W W W W W W W W W W W W W W W W W W W W W W W W W W W W W W W W W W W W W W W W W W W W W W W W W W W W W W W
W W W W W W W W W W W W W W W W W W W W W S B P P P P P P P P P P F F F F F P P F F M F F F F F F F F F F F F F F F F P P P P P P P P P P P P P P P P P P P P P P P P P P P P P B B S W W W W W W W W W W W W W W W W W W W W W W W W W W W W W W W W W W W W W W W W W W W W W W W W W W W W W W W W W W W
W W W W W W W W W W W W W W W W W W W W W S B B P P P P P P P P P P F F P P P P F F F F F F F F P F F F F F P F F F P P P P P P P P P P P P P P P P P P P P P P P P P P P P P P B B S W W W W W W W W W W W W W W W W W W W W W W W W W W W W W W W W W W W W W W W W W W W W W W W W W W W W W W W W W W W
W W W W W W W W W W W W W W W W W W W W W S B B B P P P P P P P P P P P P P P P P F F F F F F P P F F F F P P P F F P P P P P P P P P P P P P P P P P P P P P P P P P P P P B B B S S W W W W W W W W W W W W W W W W W W W W W W W W W W W W W W W W W W W W W W W W W W W W W W W W W W W W W W W W W W W
W W W W W W W W W W W W W W W W W W W W W S B B B B P P P P P P P P P P P P P P P F F F F P P P P F F F P P P P P P P P P P P P P P P P P P P P P P P P P P P P P P P P B B B S S S W W W W W W W W W W W W W W W W W W W W W W W W W W W W W W W W W W W W W W W W W W W W W W W W W W W W W W W W W W W W
W W W W W W W W W W W W W W W W W W W W W S S B B B B P P P P P P P P P P P P P P F F F P P P P P P P P P P P P P P P P P P P P P P P P P P P P P P P P P P P P P P P B B S S S W W W W W W W W W W W W W W W W W W W W W W W W W W W W W W W W W W W W W W W W W W W W W W W W W W W W W W W W W W W W W W
W W W W W W W W W W W W W W W W W W W W W W S S B B B B P P P P P P P P P P P P P P P P P P P P P P P P P P P P P P P P P P P P P P P P P P P P P P P P P P P P P P B B S S W W W W W W W W W W W W W W W W W W W W W W W W W W W W W W W W W W W W W W W W W W W W W W W W W W W W W W W W W W W W W W W W
W W W W W W W W W W W W W W W W W W W W W W W S S S S B B B P P P P P P B B B B B B P P P P P P P P P P P P P P P P P P P P P P P P P P P P P P P P P P P P P P P B B S S W W W W W W W W W W W W W W W W W W W W W W W W W W W W W W W W W W W W W W W W W W W W W W W W W W W W W W W W W W W W W W W W W
W W W W W W W W W W W W W W W W W W W W W W W W W W S S S B B P P B B B B S S S S B B B B P P P P P P P P P P P P P P P P P P P B B B B B P P P P P P P P P P B B P S S W W W W W W W W W W W W W W W W W W W W W W W W W W W W W W W W W W W W W W W W W W W W W W W W W W W W W W W W W W W W W W W W W W
W W W W W W W W W W W W W W W W W W W W W W W W W W W S S B B B B B B B S S W W S S S S B B P P P P P P P P P P P P P P P P P B B S S S B B P P P P B B B B B B S S S W W W W W W W W W W W W W W W W W W W W W W W W W W W W W W W W W W W W W W W W W W W W W W W W W W W W W W W W W W W W W W W W W W W
W W W W W W W W W W W W W W W W W W W W W W W W W W W W S B B B B S S S S W W W W W W S S B B B B B B B B B B B P P P B B B B B S S S S S B B P P B B S S S S S S W W W W W W W W W W W W W W W W W W W W W W W W W W W W W W W W W W W W W W W W W W W W W W W W W W W W W W W W W W W W W W W W W W W W W
W W W W W W W W W W W W W W W W W W W W W W W W W W W W S S S S S S W W W W W W W W W W S S S S S S S S S S S B B B B B S S S S S S S S S S B B B B S S W W W W W W W W W W W W W W W W W W W W W W W W W W W W W W W W W W W W W W W W W W W W W W W W W W W W W W W W W W W W W W W W W W W W W W W W W W
W W W W W W W W W W W W W W W W W W W W W W W W W W W W W S S W W W W W W W W W W W W W W W S S W W W W W W S S S S S S S W W W W W W W W S S S S S S W W W W W W W W W W W W W W W W W W W W W W W W W W W W W W W W W W W W W W W W W W W W W W W W W W W W W W W W W W W W W W W W W W W W W W W W W W W
W W W W W W W W W W W W W W W W W W W W W W W W W W W W W W W W W W W W W W W W W W W W W W W W W W W W W W W W W W W W W W W W W W W W W W W W W W W W W W W W W W W W W W W W W W W W W W W W W W W W W W W W W W W W W W W W W W W W W W W W W W W W W W W W W W W W W W W W W W W W W W W W W W W W W W
W W W W W W W W W W W W W W W W W W W W W W W W W W W W W W W W W W W W W W W W W W W W W W W W W W W W W W W W W W W W W W W W W W W W W W W W W W W W W W W W W W W W W W W W W W W W W W W W W W W W W W W W W W W W W W W W W W W W W W W W W W W W W W W W W W W W W W W W W W W W W W W W W W W W W W
